<?xml version="1.0" encoding="utf-8"?><testsuites><testsuite name="pytest" errors="0" failures="0" skipped="0" tests="2" time="0.175" timestamp="2025-03-16T20:06:40.738869+00:00" hostname="ip-10-0-6-175.us-east-2.compute.internal"><testcase classname="functest_kubernetes.test_k8stest.E2EUnitTesting" name="test_run" time="0.004" /><testcase classname="functest_kubernetes.test_k8stest.E2EUnitTesting" name="test_run_missing_config_file" time="0.001" /></testsuite></testsuites>